// Jest Snapshot v1, https://goo.gl/fbAQLP

exports[`Navbar test match the snapshot 1`] = `
<div
  className="root"
>
  <header
    className="MuiPaper-root MuiAppBar-root MuiAppBar-positionFixed MuiAppBar-colorPrimary mui-fixed MuiPaper-elevation4"
  >
    <div
      className="MuiToolbar-root MuiToolbar-regular MuiToolbar-gutters"
    >
      <h6
        className="MuiTypography-root title MuiTypography-h6"
      >
        Menu App
      </h6>
      <a
        aria-disabled={false}
        className="MuiButtonBase-root MuiButton-root MuiButton-contained button MuiButton-containedSecondary"
        href="/admin"
        onBlur={[Function]}
        onDragLeave={[Function]}
        onFocus={[Function]}
        onKeyDown={[Function]}
        onKeyUp={[Function]}
        onMouseDown={[Function]}
        onMouseLeave={[Function]}
        onMouseUp={[Function]}
        onTouchEnd={[Function]}
        onTouchMove={[Function]}
        onTouchStart={[Function]}
        tabIndex={0}
      >
        <span
          className="MuiButton-label"
        >
          Go to Admin site
        </span>
      </a>
    </div>
  </header>
</div>
`;
